Enter main
Enter do
v: 0000145D
Exit do
Exit main
