a=0x0000FFFE
a=0x00000001
a=0x0000FFFE
b=0x000000FE
b=0x00000001
b=0x000000FE
