w=0x00000006
w=0x0000000B
w=0x00000001
w=0x0000000F
w=0x00000002
