x=0x00000304
to=0x00000001
from=0x00000002
size=0x00000304
