G=0x00000001
G=0x00000002
G=0x00000007
G=0x00000008
G=0x0000000D
G=0x0000001C
cplx1 1 b =0x00000002
cplx2 1 a =0x00000016
