A = 0x00000000
A = 0x00000001
A = 0x00000002
A = 0x00000003
A = 0x00000004
A = 0x00000005
A = 0x00000006
A = 0x00000007
A = 0x00000008
A = 0x00000009
A = 0x0000000A
A = 0x0000000B
A = 0x0000000C
A = 0x0000000D
A = 0x0000000E
A = 0x0000000F
A = 0x00000010
A = 0x00000011
A = 0x00000012
A = 0x00000013
A = 0x00000014
A = 0x00000015
A = 0x00000016
A = 0x00000017
A = 0x00000018
A = 0x00000019
A = 0x0000001A
A = 0x0000001B
A = 0x0000001C
A = 0x0000001D
A = 0x0000001E
A = 0x0000001F
A = 0x00000020
A = 0x00000021
A = 0x00000022
A = 0x00000023
A = 0x00000024
A = 0x00000025
A = 0x00000026
A = 0x00000027
A = 0x00000028
A = 0x00000029
A = 0x0000002A
A = 0x0000002B
A = 0x0000002C
A = 0x0000002D
A = 0x0000002E
A = 0x0000002F
A = 0x00000030
A = 0x00000031
A = 0x00000032
A = 0x00000033
A = 0x00000034
A = 0x00000035
A = 0x00000036
A = 0x00000037
A = 0x00000038
A = 0x00000039
A = 0x0000003A
A = 0x0000003B
A = 0x0000003C
A = 0x0000003D
A = 0x0000003E
A = 0x0000003F
A = 0x00000040
A = 0x00000041
A = 0x00000042
A = 0x00000043
A = 0x00000044
A = 0x00000045
A = 0x00000046
A = 0x00000047
A = 0x00000048
A = 0x00000049
A = 0x0000004A
A = 0x0000004B
A = 0x0000004C
A = 0x0000004D
A = 0x0000004E
A = 0x0000004F
A = 0x00000050
A = 0x00000051
A = 0x00000052
A = 0x00000053
A = 0x00000054
A = 0x00000055
A = 0x00000056
A = 0x00000057
A = 0x00000058
A = 0x00000059
A = 0x0000005A
A = 0x0000005B
A = 0x0000005C
A = 0x0000005D
A = 0x0000005E
A = 0x0000005F
A = 0x00000060
A = 0x00000061
A = 0x00000062
A = 0x00000063
