a=0x00000004
b=0x00000037
c=0x00000042
d=0x00001337
a=0x00000004
b=0x00000037
c=0x00000042
d=0x00001337
