A = 0x00000000
A = 0x00000001
A = 0x00000002
A = 0x00000003
A = 0x00000004
A = 0x00000005
A = 0x00000006
A = 0x00000007
A = 0x00000008
A = 0x00000009
B = 0x006EBE00
