area(2)=0x0000000D
circumference(2)=0x0000000D
area(3)=0x0000001C
circumference(3)=0x00000013
