f_area(3) = 28
d_area(3) = 28
a = 21
a = 41
a = 41
a = 21
