=== BOARDS ===
Board: 1337, 42, 0, 99, 6
Board: 13, 37, -2, -880000, -1337
Board: 1337, 42, 5000000, 99, 6000000
===
=== BOARDS2 ===
Board: 1337, 42, 6, 0, 99
Board: 13, 37, -1337, -2, -880000
Board: 1337, 42, 6000000, 5000000, 99
===
=== BOARDS ===
Board: 8722, 32700, -60000, 0, 22
Board: -600000, 800000, 1, 101, 67
===
