u.b=7
u.b=0
u.c=42
u.c=43
s.b=3
s.b=-4
s.c=7
s.c=-8
s.d=1
s.d=-2
