3
9
99
a c
4
a c
9
a c
3
a c
4
g_i = 10
g_e1 = 2
g_e2 = 1
e1 = 2
e2 = 1
