w=0x00000002
d=0x00000005
x=0x0000000A
z[2]=0x00000004
