x=0x00000016
x=0x000000FF
x=0x00000001
x=0x000000D9
