10/5=0x00000002
13/6=0x00000002
31/7=0x00000004
10/2=0x00000005
